// Jest Snapshot v1, https://goo.gl/fbAQLP

exports[`EntryComponent.vue should match the snapshot 1`] = `
<div class="entry-container pointer p-3">
  <!-- Title -->
  <div class="entry-title d-flex align-items-center"><span class="text-success fs-5 fw-bold">9</span><span class="mx-1 fs-5">September</span><span class="mx-2 fw-light">2023, Saturday</span></div>
  <div class="entry-description">asdasdasd</div>
</div>
`;
