// Jest Snapshot v1, https://goo.gl/fbAQLP

exports[`NavbarComponent.vue should show the component as needed 1`] = `
<nav class="navbar bg-primary"><a href="" class="navbar-brand text-white"><img src="assets/logo.png" alt="Vue logo" class="inline-block align-text-top mx-2" height="24"> John Doe</a>
  <div class="d-flex"><button class="btn btn-outline-info mx-2"><i class="fa fa-sign-out-alt"></i></button></div>
</nav>
`;
